exports[`Rating should render 1`] = `
<View
  style={
    Array [
      Object {
        "backgroundColor": "#fff",
        "flex": 1,
      },
      undefined,
    ]
  }>
  <View
    style={
      Object {
        "margin": 25,
      }
    }>
    <Text
      accessible={true}
      allowFontScaling={true}
      ellipsizeMode="tail"
      style={
        Array [
          Object {
            "color": "#003035",
            "fontFamily": "Brandon Text",
          },
          Object {
            "fontSize": 13,
            "textAlign": "center",
          },
          Array [
            Object {
              "fontFamily": "Brandon Text_medium",
              "fontSize": 20,
              "fontWeight": "400",
            },
            Object {
              "margin": 13,
            },
          ],
        ]
      }>
      How would you rate this activity?
    </Text>
  </View>
  <View
    style={
      Object {
        "flex": 1,
      }
    }>
    <ScrollView>
      <View
        style={
          Object {
            "flex": 1,
            "marginBottom": 16,
            "marginLeft": 40,
            "marginRight": 40,
          }
        }>
        <View
          accessibilityComponentType={undefined}
          accessibilityLabel={undefined}
          accessibilityTraits={undefined}
          accessible={true}
          hitSlop={undefined}
          onLayout={undefined}
          onResponderGrant={[Function]}
          onResponderMove={[Function]}
          onResponderRelease={[Function]}
          onResponderTerminate={[Function]}
          onResponderTerminationRequest={[Function]}
          onStartShouldSetResponder={[Function]}
          style={
            Object {
              "alignItems": "center",
              "borderBottomWidth": 1,
              "borderColor": "#dfe5e6",
              "flexDirection": "row",
              "justifyContent": "space-between",
              "paddingBottom": 18,
              "paddingTop": 18,
            }
          }
          testID={undefined}>
          <Text
            accessible={true}
            allowFontScaling={true}
            ellipsizeMode="tail"
            style={
              Array [
                Object {
                  "color": "#003035",
                  "fontFamily": "Brandon Text",
                },
                Object {
                  "fontSize": 13,
                  "textAlign": "center",
                },
                Object {
                  "color": "#003035",
                  "flex": 1,
                  "fontSize": 18,
                  "marginRight": 16,
                  "textAlign": "left",
                },
              ]
            }>
            Very good
          </Text>
          <Image
            source={1}
            style={
              Object {
                "height": 32,
                "width": 32,
              }
            } />
        </View>
        <View
          accessibilityComponentType={undefined}
          accessibilityLabel={undefined}
          accessibilityTraits={undefined}
          accessible={true}
          hitSlop={undefined}
          onLayout={undefined}
          onResponderGrant={[Function]}
          onResponderMove={[Function]}
          onResponderRelease={[Function]}
          onResponderTerminate={[Function]}
          onResponderTerminationRequest={[Function]}
          onStartShouldSetResponder={[Function]}
          style={
            Object {
              "alignItems": "center",
              "borderBottomWidth": 1,
              "borderColor": "#dfe5e6",
              "flexDirection": "row",
              "justifyContent": "space-between",
              "paddingBottom": 18,
              "paddingTop": 18,
            }
          }
          testID={undefined}>
          <Text
            accessible={true}
            allowFontScaling={true}
            ellipsizeMode="tail"
            style={
              Array [
                Object {
                  "color": "#003035",
                  "fontFamily": "Brandon Text",
                },
                Object {
                  "fontSize": 13,
                  "textAlign": "center",
                },
                Object {
                  "color": "#003035",
                  "flex": 1,
                  "fontSize": 18,
                  "marginRight": 16,
                  "textAlign": "left",
                },
              ]
            }>
            Good
          </Text>
          <Image
            source={1}
            style={
              Object {
                "height": 32,
                "width": 32,
              }
            } />
        </View>
        <View
          accessibilityComponentType={undefined}
          accessibilityLabel={undefined}
          accessibilityTraits={undefined}
          accessible={true}
          hitSlop={undefined}
          onLayout={undefined}
          onResponderGrant={[Function]}
          onResponderMove={[Function]}
          onResponderRelease={[Function]}
          onResponderTerminate={[Function]}
          onResponderTerminationRequest={[Function]}
          onStartShouldSetResponder={[Function]}
          style={
            Object {
              "alignItems": "center",
              "borderBottomWidth": 1,
              "borderColor": "#dfe5e6",
              "flexDirection": "row",
              "justifyContent": "space-between",
              "paddingBottom": 18,
              "paddingTop": 18,
            }
          }
          testID={undefined}>
          <Text
            accessible={true}
            allowFontScaling={true}
            ellipsizeMode="tail"
            style={
              Array [
                Object {
                  "color": "#003035",
                  "fontFamily": "Brandon Text",
                },
                Object {
                  "fontSize": 13,
                  "textAlign": "center",
                },
                Object {
                  "color": "#003035",
                  "flex": 1,
                  "fontSize": 18,
                  "marginRight": 16,
                  "textAlign": "left",
                },
              ]
            }>
            Average
          </Text>
          <Image
            source={1}
            style={
              Object {
                "height": 32,
                "width": 32,
              }
            } />
        </View>
        <View
          accessibilityComponentType={undefined}
          accessibilityLabel={undefined}
          accessibilityTraits={undefined}
          accessible={true}
          hitSlop={undefined}
          onLayout={undefined}
          onResponderGrant={[Function]}
          onResponderMove={[Function]}
          onResponderRelease={[Function]}
          onResponderTerminate={[Function]}
          onResponderTerminationRequest={[Function]}
          onStartShouldSetResponder={[Function]}
          style={
            Object {
              "alignItems": "center",
              "borderBottomWidth": 1,
              "borderColor": "#dfe5e6",
              "flexDirection": "row",
              "justifyContent": "space-between",
              "paddingBottom": 18,
              "paddingTop": 18,
            }
          }
          testID={undefined}>
          <Text
            accessible={true}
            allowFontScaling={true}
            ellipsizeMode="tail"
            style={
              Array [
                Object {
                  "color": "#003035",
                  "fontFamily": "Brandon Text",
                },
                Object {
                  "fontSize": 13,
                  "textAlign": "center",
                },
                Object {
                  "color": "#003035",
                  "flex": 1,
                  "fontSize": 18,
                  "marginRight": 16,
                  "textAlign": "left",
                },
              ]
            }>
            Poor
          </Text>
          <Image
            source={1}
            style={
              Object {
                "height": 32,
                "width": 32,
              }
            } />
        </View>
        <View
          accessibilityComponentType={undefined}
          accessibilityLabel={undefined}
          accessibilityTraits={undefined}
          accessible={true}
          hitSlop={undefined}
          onLayout={undefined}
          onResponderGrant={[Function]}
          onResponderMove={[Function]}
          onResponderRelease={[Function]}
          onResponderTerminate={[Function]}
          onResponderTerminationRequest={[Function]}
          onStartShouldSetResponder={[Function]}
          style={
            Object {
              "alignItems": "center",
              "borderBottomWidth": 1,
              "borderColor": "#dfe5e6",
              "flexDirection": "row",
              "justifyContent": "space-between",
              "paddingBottom": 18,
              "paddingTop": 18,
            }
          }
          testID={undefined}>
          <Text
            accessible={true}
            allowFontScaling={true}
            ellipsizeMode="tail"
            style={
              Array [
                Object {
                  "color": "#003035",
                  "fontFamily": "Brandon Text",
                },
                Object {
                  "fontSize": 13,
                  "textAlign": "center",
                },
                Object {
                  "color": "#003035",
                  "flex": 1,
                  "fontSize": 18,
                  "marginRight": 16,
                  "textAlign": "left",
                },
              ]
            }>
            Very Poor
          </Text>
          <Image
            source={1}
            style={
              Object {
                "height": 32,
                "width": 32,
              }
            } />
        </View>
      </View>
    </ScrollView>
  </View>
  <View
    style={
      Object {
        "justifyContent": "flex-end",
      }
    }>
    <View
      style={
        Object {
          "flexDirection": "row",
          "margin": 16,
        }
      }>
      <TouchableNativeFeedback
        onPress={[Function]}>
        <View
          style={
            Array [
              Object {
                "alignItems": "center",
                "borderRadius": 5,
                "justifyContent": "center",
                "marginHorizontal": 16,
                "paddingBottom": 17,
                "paddingTop": 15,
              },
              Object {
                "backgroundColor": "transparent",
                "borderColor": "#f77040",
                "borderWidth": 1,
              },
              Array [
                Object {
                  "marginLeft": 0,
                  "marginRight": 0,
                },
                Object {
                  "marginRight": 16,
                  "width": 58,
                },
              ],
              undefined,
              undefined,
            ]
          }>
          <Text
            accessible={true}
            allowFontScaling={true}
            ellipsizeMode="tail"
            style={
              Array [
                Object {
                  "color": "#003035",
                  "fontFamily": "Brandon Text",
                },
                Object {
                  "fontSize": 13,
                  "textAlign": "center",
                },
                Array [
                  Object {
                    "fontFamily": "Brandon Text_bold",
                    "fontSize": 13,
                    "fontWeight": "bold",
                    "letterSpacing": 1,
                  },
                  Object {
                    "color": "#f77040",
                  },
                  undefined,
                  undefined,
                ],
              ]
            }>
            <Image
              source={1}
              style={
                Array [
                  Object {
                    "height": 24,
                    "width": 24,
                  },
                  Object {},
                ]
              } />
          </Text>
        </View>
      </TouchableNativeFeedback>
      <TouchableNativeFeedback
        onPress={[Function]}>
        <View
          style={
            Array [
              Object {
                "alignItems": "center",
                "borderRadius": 5,
                "justifyContent": "center",
                "marginHorizontal": 16,
                "paddingBottom": 17,
                "paddingTop": 15,
              },
              Object {
                "backgroundColor": "transparent",
                "borderColor": "#f77040",
                "borderWidth": 1,
              },
              Array [
                Object {
                  "marginLeft": 0,
                  "marginRight": 0,
                },
                Object {
                  "flex": 1,
                },
              ],
              undefined,
              false,
            ]
          }>
          <Text
            accessible={true}
            allowFontScaling={true}
            ellipsizeMode="tail"
            style={
              Array [
                Object {
                  "color": "#003035",
                  "fontFamily": "Brandon Text",
                },
                Object {
                  "fontSize": 13,
                  "textAlign": "center",
                },
                Array [
                  Object {
                    "fontFamily": "Brandon Text_bold",
                    "fontSize": 13,
                    "fontWeight": "bold",
                    "letterSpacing": 1,
                  },
                  Object {
                    "color": "#f77040",
                  },
                  undefined,
                  false,
                ],
              ]
            }>
            NEXT
          </Text>
        </View>
      </TouchableNativeFeedback>
    </View>
  </View>
</View>
`;
