exports[`Activation should draw 1`] = `
<View
  accessibilityComponentType={undefined}
  accessibilityLabel={undefined}
  accessibilityTraits={undefined}
  accessible={true}
  hitSlop={undefined}
  onLayout={undefined}
  onResponderGrant={[Function]}
  onResponderMove={[Function]}
  onResponderRelease={[Function]}
  onResponderTerminate={[Function]}
  onResponderTerminationRequest={[Function]}
  onStartShouldSetResponder={[Function]}
  style={
    Object {
      "flex": 1,
    }
  }
  testID={undefined}>
  <View
    style={
      Array [
        Object {
          "backgroundColor": "#fff",
          "flex": 1,
        },
        undefined,
      ]
    }>
    <View
      style={
        Array [
          Object {
            "height": 72,
            "justifyContent": "center",
            "paddingLeft": 16,
            "paddingRight": 16,
          },
          Object {},
        ]
      }>
      <Text
        accessible={true}
        allowFontScaling={true}
        ellipsizeMode="tail"
        style={
          Array [
            Object {
              "color": "#003035",
              "fontFamily": "Brandon Text",
              "fontSize": 13,
              "textAlign": "center",
            },
            Object {
              "fontFamily": "Brandon Text_medium",
              "fontSize": 20,
              "fontWeight": "400",
            },
          ]
        }>
        Activate Account
      </Text>
      <View
        style={
          Array [
            Object {
              "alignItems": "center",
              "backgroundColor": "#ffbcbc",
              "borderColor": "red",
              "borderWidth": 1,
              "height": 100,
              "justifyContent": "center",
              "margin": 10,
              "width": 300,
            },
            undefined,
          ]
        }>
        <Text
          accessible={true}
          allowFontScaling={true}
          ellipsizeMode="tail"
          style={
            Object {
              "color": "#333333",
              "margin": 20,
            }
          }>
          TouchableNativeFeedback is not supported on this platform!
        </Text>
      </View>
    </View>
    <View>
      <View
        style={
          Array [
            Object {
              "borderBottomWidth": 1,
              "borderColor": "#dfe5e6",
              "marginBottom": 27,
              "marginLeft": 24,
              "marginRight": 24,
            },
            false,
          ]
        }>
        <Text
          accessible={true}
          allowFontScaling={true}
          ellipsizeMode="tail"
          style={
            Array [
              Object {
                "color": "#003035",
                "fontFamily": "Brandon Text",
                "fontSize": 13,
                "textAlign": "center",
              },
              Array [
                Object {
                  "color": "#9fb1b3",
                  "fontFamily": "Brandon Text_bold",
                  "fontSize": 14,
                  "fontWeight": "bold",
                  "marginBottom": 9,
                  "textAlign": "left",
                },
                undefined,
              ],
            ]
          }>
          Email
        </Text>
        <TextInput
          autoCapitalize="none"
          autoCorrect={false}
          keyboardType="email-address"
          label="Email"
          onBlur={[Function]}
          onChangeText={[Function]}
          onFocus={[Function]}
          placeholderTextColor="#c0cbcc"
          style={
            Array [
              Object {
                "color": "#003035",
                "fontFamily": "Brandon Text",
                "fontSize": 18,
                "lineHeight": 28,
                "marginBottom": 8,
                "padding": 0,
              },
              undefined,
            ]
          }
          underlineColorAndroid="transparent"
          value={undefined} />
      </View>
      <View
        style={
          Array [
            Object {
              "borderBottomWidth": 1,
              "borderColor": "#dfe5e6",
              "marginBottom": 27,
              "marginLeft": 24,
              "marginRight": 24,
            },
            false,
          ]
        }>
        <Text
          accessible={true}
          allowFontScaling={true}
          ellipsizeMode="tail"
          style={
            Array [
              Object {
                "color": "#003035",
                "fontFamily": "Brandon Text",
                "fontSize": 13,
                "textAlign": "center",
              },
              Array [
                Object {
                  "color": "#9fb1b3",
                  "fontFamily": "Brandon Text_bold",
                  "fontSize": 14,
                  "fontWeight": "bold",
                  "marginBottom": 9,
                  "textAlign": "left",
                },
                undefined,
              ],
            ]
          }>
          Password
        </Text>
        <TextInput
          label="Password"
          onBlur={[Function]}
          onChangeText={[Function]}
          onFocus={[Function]}
          placeholderTextColor="#c0cbcc"
          secureTextEntry={true}
          style={
            Array [
              Object {
                "color": "#003035",
                "fontFamily": "Brandon Text",
                "fontSize": 18,
                "lineHeight": 28,
                "marginBottom": 8,
                "padding": 0,
              },
              undefined,
            ]
          }
          underlineColorAndroid="transparent"
          value={undefined} />
      </View>
      <View
        style={
          Array [
            Object {
              "alignItems": "center",
              "backgroundColor": "#ffbcbc",
              "borderColor": "red",
              "borderWidth": 1,
              "height": 100,
              "justifyContent": "center",
              "margin": 10,
              "width": 300,
            },
            undefined,
          ]
        }>
        <Text
          accessible={true}
          allowFontScaling={true}
          ellipsizeMode="tail"
          style={
            Object {
              "color": "#333333",
              "margin": 20,
            }
          }>
          TouchableNativeFeedback is not supported on this platform!
        </Text>
      </View>
    </View>
  </View>
</View>
`;
