exports[`Activity should display the poster if one is given 1`] = `
<View
  style={
    Array [
      Object {
        "backgroundColor": "#fff",
        "flex": 1
      },
      undefined
    ]
  }>
  <View
    style={
      Array [
        Object {
          "height": 72,
          "justifyContent": "center",
          "paddingLeft": 16,
          "paddingRight": 16
        },
        Object {
          "backgroundColor": "#97c13c"
        }
      ]
    }>
    <View
      onPress={[Function noop]}
      style={
        Array [
          Object {
            "position": "absolute",
            "top": 24
          },
          Object {}
        ]
      }>
      <Image
        source={1}
        style={
          Array [
            Object {
              "height": 24,
              "width": 24
            },
            Object {}
          ]
        } />
    </View>
    <Text
      style={
        Array [
          Object {
            "color": "#003035",
            "fontFamily": "Brandon Text",
            "fontSize": 13,
            "textAlign": "center"
          },
          Array [
            Object {
              "fontFamily": "Brandon Text_medium",
              "fontSize": 20,
              "fontWeight": "400"
            },
            Object {
              "color": "#fff"
            }
          ]
        ]
      }>
      Activity 1
    </Text>
  </View>
</View>
`;

exports[`Activity should not try display a poster if none is given 1`] = `
<View
  style={
    Array [
      Object {
        "backgroundColor": "#fff",
        "flex": 1
      },
      undefined
    ]
  }>
  <View
    style={
      Array [
        Object {
          "height": 72,
          "justifyContent": "center",
          "paddingLeft": 16,
          "paddingRight": 16
        },
        Object {
          "backgroundColor": "#97c13c"
        }
      ]
    }>
    <View
      onPress={[Function noop]}
      style={
        Array [
          Object {
            "position": "absolute",
            "top": 24
          },
          Object {}
        ]
      }>
      <Image
        source={1}
        style={
          Array [
            Object {
              "height": 24,
              "width": 24
            },
            Object {}
          ]
        } />
    </View>
    <Text
      style={
        Array [
          Object {
            "color": "#003035",
            "fontFamily": "Brandon Text",
            "fontSize": 13,
            "textAlign": "center"
          },
          Array [
            Object {
              "fontFamily": "Brandon Text_medium",
              "fontSize": 20,
              "fontWeight": "400"
            },
            Object {
              "color": "#fff"
            }
          ]
        ]
      }>
      Activity 1
    </Text>
  </View>
</View>
`;

exports[`Activity should render 1`] = `
<View
  style={
    Array [
      Object {
        "backgroundColor": "#fff",
        "flex": 1
      },
      undefined
    ]
  }>
  <View
    style={
      Array [
        Object {
          "height": 72,
          "justifyContent": "center",
          "paddingLeft": 16,
          "paddingRight": 16
        },
        Object {
          "backgroundColor": "#97c13c"
        }
      ]
    }>
    <View
      onPress={[Function noop]}
      style={
        Array [
          Object {
            "position": "absolute",
            "top": 24
          },
          Object {}
        ]
      }>
      <Image
        source={1}
        style={
          Array [
            Object {
              "height": 24,
              "width": 24
            },
            Object {}
          ]
        } />
    </View>
    <Text
      style={
        Array [
          Object {
            "color": "#003035",
            "fontFamily": "Brandon Text",
            "fontSize": 13,
            "textAlign": "center"
          },
          Array [
            Object {
              "fontFamily": "Brandon Text_medium",
              "fontSize": 20,
              "fontWeight": "400"
            },
            Object {
              "color": "#fff"
            }
          ]
        ]
      }>
      Activity 1
    </Text>
  </View>
</View>
`;
