exports[`Completed should render 1`] = `
<View
  style={
    Array [
      Object {
        "backgroundColor": "#fff",
        "flex": 1,
      },
      undefined,
    ]
  }>
  <View
    style={
      Object {
        "margin": 25,
      }
    }>
    <Text
      accessible={true}
      allowFontScaling={true}
      ellipsizeMode="tail"
      style={
        Array [
          Object {
            "color": "#003035",
            "fontFamily": "Brandon Text",
          },
          Object {
            "fontSize": 13,
            "textAlign": "center",
          },
          Array [
            Object {
              "fontFamily": "Brandon Text_medium",
              "fontSize": 20,
              "fontWeight": "400",
            },
            Object {
              "margin": 13,
            },
          ],
        ]
      }>
      Did you achieve the objective?
    </Text>
  </View>
  <View
    style={
      Object {
        "flex": 1,
      }
    }>
    <View
      style={
        Object {
          "flex": 3,
        }
      }>
      <View
        style={
          Object {
            "flexDirection": "row",
            "height": 64,
            "justifyContent": "space-around",
          }
        }>
        <Image
          accessibilityComponentType={undefined}
          accessibilityLabel={undefined}
          accessibilityTraits={undefined}
          accessible={true}
          hitSlop={undefined}
          onLayout={undefined}
          onResponderGrant={[Function]}
          onResponderMove={[Function]}
          onResponderRelease={[Function]}
          onResponderTerminate={[Function]}
          onResponderTerminationRequest={[Function]}
          onStartShouldSetResponder={[Function]}
          source={1}
          style={undefined}
          testID={undefined} />
        <Image
          accessibilityComponentType={undefined}
          accessibilityLabel={undefined}
          accessibilityTraits={undefined}
          accessible={true}
          hitSlop={undefined}
          onLayout={undefined}
          onResponderGrant={[Function]}
          onResponderMove={[Function]}
          onResponderRelease={[Function]}
          onResponderTerminate={[Function]}
          onResponderTerminationRequest={[Function]}
          onStartShouldSetResponder={[Function]}
          source={1}
          style={undefined}
          testID={undefined} />
      </View>
      <View
        style={
          Object {
            "borderColor": "#dfe5e6",
            "borderWidth": 1,
            "flex": 1,
            "margin": 24,
          }
        }>
        <ScrollView>
          <View
            style={
              Object {
                "marginBottom": 29,
              }
            }>
            <View
              style={
                Object {
                  "backgroundColor": "#f9fafa",
                  "borderColor": "#dfe5e6",
                  "height": 72,
                  "justifyContent": "center",
                  "marginBottom": 12,
                  "paddingLeft": 24,
                  "paddingRight": 24,
                }
              }>
              <Image
                source={1}
                style={
                  Object {
                    "height": 40,
                    "position": "absolute",
                    "resizeMode": "contain",
                    "top": 16,
                    "width": 40,
                  }
                } />
              <Text
                accessible={true}
                allowFontScaling={true}
                ellipsizeMode="tail"
                numberOfLines={1}
                style={
                  Array [
                    Object {
                      "color": "#003035",
                      "fontFamily": "Brandon Text",
                    },
                    Object {
                      "fontSize": 13,
                      "textAlign": "center",
                    },
                    Array [
                      Object {},
                      Object {
                        "color": "#80979a",
                        "fontFamily": "Brandon Text_bold",
                        "fontSize": 12,
                        "fontWeight": "bold",
                      },
                    ],
                  ]
                }>
                OBJECTIVE
              </Text>
            </View>
            <View
              style={
                Object {
                  "paddingLeft": 24,
                  "paddingRight": 24,
                }
              }>
              <Text
                accessible={true}
                allowFontScaling={true}
                ellipsizeMode="tail"
                style={
                  Array [
                    Object {
                      "color": "#003035",
                      "fontFamily": "Brandon Text",
                    },
                    Object {
                      "fontSize": 13,
                      "textAlign": "center",
                    },
                    Object {
                      "fontSize": 18,
                      "marginBottom": 12,
                      "textAlign": "left",
                    },
                  ]
                }>
                None
              </Text>
            </View>
          </View>
        </ScrollView>
      </View>
    </View>
  </View>
  <View
    style={
      Object {
        "justifyContent": "flex-end",
      }
    }>
    <View
      style={
        Object {
          "flexDirection": "row",
          "margin": 16,
        }
      }>
      <TouchableNativeFeedback
        onPress={[Function]}>
        <View
          style={
            Array [
              Object {
                "alignItems": "center",
                "borderRadius": 5,
                "justifyContent": "center",
                "marginHorizontal": 16,
                "paddingBottom": 17,
                "paddingTop": 15,
              },
              Object {
                "backgroundColor": "transparent",
                "borderColor": "#f77040",
                "borderWidth": 1,
              },
              Array [
                Object {
                  "marginLeft": 0,
                  "marginRight": 0,
                },
                Object {
                  "marginRight": 16,
                  "width": 58,
                },
              ],
              undefined,
              undefined,
            ]
          }>
          <Text
            accessible={true}
            allowFontScaling={true}
            ellipsizeMode="tail"
            style={
              Array [
                Object {
                  "color": "#003035",
                  "fontFamily": "Brandon Text",
                },
                Object {
                  "fontSize": 13,
                  "textAlign": "center",
                },
                Array [
                  Object {
                    "fontFamily": "Brandon Text_bold",
                    "fontSize": 13,
                    "fontWeight": "bold",
                    "letterSpacing": 1,
                  },
                  Object {
                    "color": "#f77040",
                  },
                  undefined,
                  undefined,
                ],
              ]
            }>
            <Image
              source={1}
              style={
                Array [
                  Object {
                    "height": 24,
                    "width": 24,
                  },
                  Object {},
                ]
              } />
          </Text>
        </View>
      </TouchableNativeFeedback>
      <View
        style={
          Array [
            Object {
              "alignItems": "center",
              "borderRadius": 5,
              "justifyContent": "center",
              "marginHorizontal": 16,
              "paddingBottom": 17,
              "paddingTop": 15,
            },
            Object {
              "backgroundColor": "transparent",
              "borderColor": "#f77040",
              "borderWidth": 1,
            },
            Array [
              Object {
                "marginLeft": 0,
                "marginRight": 0,
              },
              Object {
                "flex": 1,
              },
            ],
            undefined,
            Array [
              Object {
                "borderColor": "#dfe5e6",
              },
              undefined,
            ],
          ]
        }>
        <Text
          accessible={true}
          allowFontScaling={true}
          ellipsizeMode="tail"
          style={
            Array [
              Object {
                "color": "#003035",
                "fontFamily": "Brandon Text",
              },
              Object {
                "fontSize": 13,
                "textAlign": "center",
              },
              Array [
                Object {
                  "fontFamily": "Brandon Text_bold",
                  "fontSize": 13,
                  "fontWeight": "bold",
                  "letterSpacing": 1,
                },
                Object {
                  "color": "#f77040",
                },
                undefined,
                Array [
                  Object {
                    "color": "#dfe5e6",
                  },
                  undefined,
                ],
              ],
            ]
          }>
          NEXT
        </Text>
      </View>
    </View>
  </View>
</View>
`;
