exports[`Chat should render 1`] = `
<View
  style={
    Array [
      Object {
        "backgroundColor": "#fff",
        "flex": 1,
      },
      undefined,
    ]
  } />
`;
