exports[`RadioGrid should render 1`] = `
<View
  style={
    Object {
      "alignItems": "center",
      "flex": 1,
      "justifyContent": "center",
    }
  }>
  <View
    style={
      Object {
        "alignItems": "center",
        "flexDirection": "row",
        "flexWrap": "wrap",
        "justifyContent": "center",
        "width": 214.33333333333334,
      }
    }>
    <View
      accessibilityComponentType={undefined}
      accessibilityLabel={undefined}
      accessibilityTraits={undefined}
      accessible={true}
      hitSlop={undefined}
      onLayout={undefined}
      onResponderGrant={[Function]}
      onResponderMove={[Function]}
      onResponderRelease={[Function]}
      onResponderTerminate={[Function]}
      onResponderTerminationRequest={[Function]}
      onStartShouldSetResponder={[Function]}
      style={
        Object {
          "alignItems": "center",
          "justifyContent": "center",
          "marginVertical": 20,
          "width": 106.66666666666667,
        }
      }
      testID={undefined}>
      <Image
        source={undefined}
        style={
          Array [
            Object {
              "borderRadius": 77,
              "height": 77,
              "width": 77,
            },
            false,
          ]
        }>
        <View
          style={
            Object {
              "backgroundColor": "rgba(0, 0, 0, 0.2)",
              "borderRadius": 77,
              "height": 77,
              "width": 77,
            }
          } />
      </Image>
      <Text
        accessible={true}
        allowFontScaling={true}
        ellipsizeMode="tail"
        style={
          Array [
            Object {
              "color": "#003035",
              "fontFamily": "Brandon Text",
            },
            Object {
              "fontSize": 13,
              "textAlign": "center",
            },
            Object {
              "color": "#003035",
              "fontSize": 18,
            },
          ]
        }>
        A
      </Text>
    </View>
    <View
      accessibilityComponentType={undefined}
      accessibilityLabel={undefined}
      accessibilityTraits={undefined}
      accessible={true}
      hitSlop={undefined}
      onLayout={undefined}
      onResponderGrant={[Function]}
      onResponderMove={[Function]}
      onResponderRelease={[Function]}
      onResponderTerminate={[Function]}
      onResponderTerminationRequest={[Function]}
      onStartShouldSetResponder={[Function]}
      style={
        Object {
          "alignItems": "center",
          "justifyContent": "center",
          "marginVertical": 20,
          "width": 106.66666666666667,
        }
      }
      testID={undefined}>
      <Image
        source={undefined}
        style={
          Array [
            Object {
              "borderRadius": 77,
              "height": 77,
              "width": 77,
            },
            false,
          ]
        }>
        <View
          style={
            Object {
              "backgroundColor": "rgba(0, 0, 0, 0.2)",
              "borderRadius": 77,
              "height": 77,
              "width": 77,
            }
          } />
      </Image>
      <Text
        accessible={true}
        allowFontScaling={true}
        ellipsizeMode="tail"
        style={
          Array [
            Object {
              "color": "#003035",
              "fontFamily": "Brandon Text",
            },
            Object {
              "fontSize": 13,
              "textAlign": "center",
            },
            Object {
              "color": "#003035",
              "fontSize": 18,
            },
          ]
        }>
        B
      </Text>
    </View>
  </View>
</View>
`;
