exports[`Loading should render 1`] = `
<View
  style={
    Array [
      Object {
        "backgroundColor": "#fff",
        "flex": 1
      },
      Object {
        "alignItems": "center",
        "backgroundColor": "rgba(246, 111, 63, 0.95)",
        "justifyContent": "center",
        "padding": 24
      }
    ]
  }>
  <Image
    source={1}
    style={
      Object {
        "height": 80,
        "transform": Array [
          Object {
            "rotate": "0deg"
          }
        ],
        "width": 80
      }
    } />
  <Text
    style={
      Array [
        Object {
          "color": "#003035",
          "fontFamily": "Brandon Text",
          "fontSize": 13,
          "textAlign": "center"
        },
        Object {
          "color": undefined,
          "fontSize": 20,
          "paddingBottom": 80
        }
      ]
    }>
    Loading your information...
  </Text>
</View>
`;
