exports[`Inspiration should render 1`] = `
<View
  style={
    Array [
      Object {
        "backgroundColor": "#fff",
        "flex": 1,
      },
      undefined,
    ]
  }>
  <View
    style={
      Object {
        "margin": 25,
      }
    }>
    <Text
      accessible={true}
      allowFontScaling={true}
      ellipsizeMode="tail"
      style={
        Array [
          Object {
            "color": "#003035",
            "fontFamily": "Brandon Text",
          },
          Object {
            "fontSize": 13,
            "textAlign": "center",
          },
          Array [
            Object {
              "fontFamily": "Brandon Text_medium",
              "fontSize": 20,
              "fontWeight": "400",
            },
            Object {
              "margin": 13,
            },
          ],
        ]
      }>
      Who would you love as your own mentor?
    </Text>
  </View>
  <View
    style={
      Object {
        "flex": 1,
      }
    }>
    <View
      style={
        Array [
          Object {
            "borderBottomWidth": 1,
            "borderColor": "#dfe5e6",
            "marginBottom": 27,
            "marginLeft": 24,
            "marginRight": 24,
          },
          false,
        ]
      }>
      <TextInput
        onBlur={[Function]}
        onChangeText={[Function]}
        onFocus={[Function]}
        placeholder="Type your answer here"
        placeholderTextColor="#c0cbcc"
        style={
          Array [
            Object {
              "color": "#003035",
              "fontFamily": "Brandon Text",
              "fontSize": 18,
              "marginBottom": 8,
              "padding": 0,
            },
            undefined,
          ]
        }
        underlineColorAndroid="transparent"
        value="Music, of course" />
    </View>
    <Text
      accessible={true}
      allowFontScaling={true}
      ellipsizeMode="tail"
      style={
        Array [
          Object {
            "color": "#003035",
            "fontFamily": "Brandon Text",
          },
          Object {
            "fontSize": 13,
            "textAlign": "center",
          },
          Object {
            "color": "#9fb1b3",
            "fontSize": 14,
            "marginLeft": 24,
            "marginRight": 24,
            "textAlign": "left",
          },
        ]
      }>
      e.g. Malala, Sania Nehwal, Chanda Kocchar
    </Text>
  </View>
  <View
    style={
      Object {
        "justifyContent": "flex-end",
      }
    }>
    <View
      style={
        Object {
          "flexDirection": "row",
          "margin": 16,
        }
      }>
      <TouchableNativeFeedback
        onPress={[Function]}>
        <View
          style={
            Array [
              Object {
                "alignItems": "center",
                "borderRadius": 5,
                "justifyContent": "center",
                "marginHorizontal": 16,
                "paddingBottom": 17,
                "paddingTop": 15,
              },
              Object {
                "backgroundColor": "transparent",
                "borderColor": "#f77040",
                "borderWidth": 1,
              },
              Array [
                Object {
                  "marginLeft": 0,
                  "marginRight": 0,
                },
                Object {
                  "marginRight": 16,
                  "width": 58,
                },
              ],
              undefined,
              undefined,
            ]
          }>
          <Text
            accessible={true}
            allowFontScaling={true}
            ellipsizeMode="tail"
            style={
              Array [
                Object {
                  "color": "#003035",
                  "fontFamily": "Brandon Text",
                },
                Object {
                  "fontSize": 13,
                  "textAlign": "center",
                },
                Array [
                  Object {
                    "fontFamily": "Brandon Text_bold",
                    "fontSize": 13,
                    "fontWeight": "bold",
                    "letterSpacing": 1,
                  },
                  Object {
                    "color": "#f77040",
                  },
                  undefined,
                  undefined,
                ],
              ]
            }>
            <Image
              source={1}
              style={
                Array [
                  Object {
                    "height": 24,
                    "width": 24,
                  },
                  Object {},
                ]
              } />
          </Text>
        </View>
      </TouchableNativeFeedback>
      <TouchableNativeFeedback
        onPress={[Function]}>
        <View
          style={
            Array [
              Object {
                "alignItems": "center",
                "borderRadius": 5,
                "justifyContent": "center",
                "marginHorizontal": 16,
                "paddingBottom": 17,
                "paddingTop": 15,
              },
              Object {
                "backgroundColor": "transparent",
                "borderColor": "#f77040",
                "borderWidth": 1,
              },
              Array [
                Object {
                  "marginLeft": 0,
                  "marginRight": 0,
                },
                Object {
                  "flex": 1,
                },
              ],
              undefined,
              false,
            ]
          }>
          <Text
            accessible={true}
            allowFontScaling={true}
            ellipsizeMode="tail"
            style={
              Array [
                Object {
                  "color": "#003035",
                  "fontFamily": "Brandon Text",
                },
                Object {
                  "fontSize": 13,
                  "textAlign": "center",
                },
                Array [
                  Object {
                    "fontFamily": "Brandon Text_bold",
                    "fontSize": 13,
                    "fontWeight": "bold",
                    "letterSpacing": 1,
                  },
                  Object {
                    "color": "#f77040",
                  },
                  undefined,
                  false,
                ],
              ]
            }>
            NEXT
          </Text>
        </View>
      </TouchableNativeFeedback>
    </View>
  </View>
</View>
`;
