exports[`ProfilePicture should map props correctly 1`] = `
<View
  style={
    Array [
      Object {
        "backgroundColor": "#fff",
        "flex": 1
      },
      undefined
    ]
  }>
  <View
    style={
      Object {
        "height": 72,
        "justifyContent": "center",
        "paddingLeft": 16,
        "paddingRight": 16
      }
    }>
    <Image
      accessibilityComponentType={undefined}
      accessibilityLabel={undefined}
      accessibilityTraits={undefined}
      accessible={true}
      hitSlop={undefined}
      onLayout={undefined}
      onResponderGrant={[Function bound touchableHandleResponderGrant]}
      onResponderMove={[Function bound touchableHandleResponderMove]}
      onResponderRelease={[Function bound touchableHandleResponderRelease]}
      onResponderTerminate={[Function bound touchableHandleResponderTerminate]}
      onResponderTerminationRequest={[Function bound touchableHandleResponderTerminationRequest]}
      onStartShouldSetResponder={[Function bound touchableHandleStartShouldSetResponder]}
      source={1}
      style={undefined}
      testID={undefined} />
    <Text
      style={
        Array [
          Object {
            "color": "#003035",
            "fontFamily": "Brandon Text",
            "fontSize": 13,
            "textAlign": "center"
          },
          Object {
            "color": "#003035",
            "fontFamily": "Brandon Text_medium",
            "fontSize": 20,
            "fontWeight": "400"
          }
        ]
      }>
      Add a profile picture
    </Text>
  </View>
  <View
    accessibilityComponentType={undefined}
    accessibilityLabel={undefined}
    accessibilityTraits={undefined}
    accessible={true}
    hitSlop={undefined}
    onLayout={undefined}
    onResponderGrant={[Function bound touchableHandleResponderGrant]}
    onResponderMove={[Function bound touchableHandleResponderMove]}
    onResponderRelease={[Function bound touchableHandleResponderRelease]}
    onResponderTerminate={[Function bound touchableHandleResponderTerminate]}
    onResponderTerminationRequest={[Function bound touchableHandleResponderTerminationRequest]}
    onStartShouldSetResponder={[Function bound touchableHandleStartShouldSetResponder]}
    style={
      Object {
        "alignItems": "center"
      }
    }
    testID={undefined}>
    <Image
      source={
        Object {
          "uri": "path/to/image.png"
        }
      }
      style={
        Object {
          "height": 120,
          "marginBottom": 19,
          "width": 120
        }
      } />
    <Text
      style={
        Array [
          Object {
            "color": "#003035",
            "fontFamily": "Brandon Text",
            "fontSize": 13,
            "textAlign": "center"
          },
          Object {
            "color": "#9fb1b3",
            "fontSize": 18
          }
        ]
      }>
      Choose Photo
    </Text>
  </View>
</View>
`;
